2025-01-27 23:15:40,358 [INFO] com.bishnah.springrestdemo.SpringRestDemoApplication {main} Starting SpringRestDemoApplication using Java 23.0.2 with PID 9678 (/home/nightowl/Kachra/SpringRestDemo/target/classes started by nightowl in /home/nightowl/Kachra/SpringRestDemo)
2025-01-27 23:15:40,364 [DEBUG] com.bishnah.springrestdemo.SpringRestDemoApplication {main} Running with Spring Boot v3.3.2, Spring v6.1.11
2025-01-27 23:15:40,365 [INFO] com.bishnah.springrestdemo.SpringRestDemoApplication {main} No active profile set, falling back to 1 default profile: "default"
2025-01-27 23:15:41,308 [INFO] org.springframework.data.repository.config.RepositoryConfigurationDelegate {main} Bootstrapping Spring Data JPA repositories in DEFAULT mode.
2025-01-27 23:15:41,351 [INFO] org.springframework.data.repository.config.RepositoryConfigurationDelegate {main} Finished Spring Data repository scanning in 36 ms. Found 3 JPA repository interfaces.
2025-01-27 23:15:41,940 [INFO] org.springframework.boot.web.embedded.tomcat.TomcatWebServer {main} Tomcat initialized with port 9090 (http)
2025-01-27 23:15:41,949 [INFO] org.apache.catalina.core.StandardService {main} Starting service [Tomcat]
2025-01-27 23:15:41,949 [INFO] org.apache.catalina.core.StandardEngine {main} Starting Servlet engine: [Apache Tomcat/10.1.26]
2025-01-27 23:15:41,982 [INFO] org.apache.catalina.core.ContainerBase.[Tomcat].[localhost].[/] {main} Initializing Spring embedded WebApplicationContext
2025-01-27 23:15:41,983 [INFO] org.springframework.boot.web.servlet.context.ServletWebServerApplicationContext {main} Root WebApplicationContext: initialization completed in 1560 ms
2025-01-27 23:15:42,079 [INFO] com.zaxxer.hikari.HikariDataSource {main} HikariPool-1 - Starting...
2025-01-27 23:15:42,252 [INFO] com.zaxxer.hikari.pool.HikariPool {main} HikariPool-1 - Added connection conn0: url=jdbc:h2:file:./db/blogdb user=ADMIN
2025-01-27 23:15:42,253 [INFO] com.zaxxer.hikari.HikariDataSource {main} HikariPool-1 - Start completed.
2025-01-27 23:15:42,261 [INFO] org.springframework.boot.autoconfigure.h2.H2ConsoleAutoConfiguration {main} H2 console available at '/h2-console'. Database available at 'jdbc:h2:file:./db/blogdb'
2025-01-27 23:15:42,402 [INFO] org.hibernate.jpa.internal.util.LogHelper {main} HHH000204: Processing PersistenceUnitInfo [name: default]
2025-01-27 23:15:42,461 [INFO] org.hibernate.Version {main} HHH000412: Hibernate ORM core version 6.5.2.Final
2025-01-27 23:15:42,499 [INFO] org.hibernate.cache.internal.RegionFactoryInitiator {main} HHH000026: Second-level cache disabled
2025-01-27 23:15:42,754 [INFO] org.springframework.orm.jpa.persistenceunit.SpringPersistenceUnitInfo {main} No LoadTimeWeaver setup: ignoring JPA class transformer
2025-01-27 23:15:42,798 [WARN] org.hibernate.orm.deprecation {main} HHH90000025: H2Dialect does not need to be specified explicitly using 'hibernate.dialect' (remove the property setting and it will be selected by default)
2025-01-27 23:15:43,535 [INFO] org.hibernate.engine.transaction.jta.platform.internal.JtaPlatformInitiator {main} HHH000489: No JTA platform available (set 'hibernate.transaction.jta.platform' to enable JTA platform integration)
2025-01-27 23:15:43,576 [INFO] org.springframework.orm.jpa.LocalContainerEntityManagerFactoryBean {main} Initialized JPA EntityManagerFactory for persistence unit 'default'
2025-01-27 23:15:45,300 [INFO] org.springframework.security.config.annotation.authentication.configuration.InitializeUserDetailsBeanManagerConfigurer$InitializeUserDetailsManagerConfigurer {main} Global AuthenticationManager configured with UserDetailsService bean with name accountService
2025-01-27 23:15:45,656 [INFO] org.springframework.boot.actuate.endpoint.web.EndpointLinksResolver {main} Exposing 1 endpoint beneath base path '/actuator'
2025-01-27 23:15:46,160 [INFO] org.springframework.boot.web.embedded.tomcat.TomcatWebServer {main} Tomcat started on port 9090 (http) with context path '/'
2025-01-27 23:15:46,171 [INFO] com.bishnah.springrestdemo.SpringRestDemoApplication {main} Started SpringRestDemoApplication in 6.159 seconds (process running for 6.739)
2025-01-27 23:15:46,570 [INFO] org.apache.catalina.core.ContainerBase.[Tomcat].[localhost].[/] {RMI TCP Connection(4)-127.0.0.1} Initializing Spring DispatcherServlet 'dispatcherServlet'
2025-01-27 23:15:46,571 [INFO] org.springframework.web.servlet.DispatcherServlet {RMI TCP Connection(4)-127.0.0.1} Initializing Servlet 'dispatcherServlet'
2025-01-27 23:15:46,572 [INFO] org.springframework.web.servlet.DispatcherServlet {RMI TCP Connection(4)-127.0.0.1} Completed initialization in 1 ms
2025-01-27 23:16:21,858 [INFO] org.springdoc.api.AbstractOpenApiResource {http-nio-9090-exec-9} Init duration for springdoc-openapi is: 242 ms
2025-01-27 23:19:41,095 [INFO] org.springframework.orm.jpa.LocalContainerEntityManagerFactoryBean {SpringApplicationShutdownHook} Closing JPA EntityManagerFactory for persistence unit 'default'
2025-01-27 23:19:41,097 [INFO] com.zaxxer.hikari.HikariDataSource {SpringApplicationShutdownHook} HikariPool-1 - Shutdown initiated...
2025-01-27 23:19:41,099 [INFO] com.zaxxer.hikari.HikariDataSource {SpringApplicationShutdownHook} HikariPool-1 - Shutdown completed.
2025-01-27 23:23:40,660 [INFO] com.bishnah.springrestdemo.SpringRestDemoApplicationTests {main} Starting SpringRestDemoApplicationTests using Java 23.0.2 with PID 13231 (started by nightowl in /home/nightowl/Kachra/SpringRestDemo)
2025-01-27 23:23:40,661 [DEBUG] com.bishnah.springrestdemo.SpringRestDemoApplicationTests {main} Running with Spring Boot v3.4.2, Spring v6.2.2
2025-01-27 23:23:40,662 [INFO] com.bishnah.springrestdemo.SpringRestDemoApplicationTests {main} No active profile set, falling back to 1 default profile: "default"
2025-01-27 23:23:41,624 [INFO] org.springframework.data.repository.config.RepositoryConfigurationDelegate {main} Bootstrapping Spring Data JPA repositories in DEFAULT mode.
2025-01-27 23:23:41,673 [INFO] org.springframework.data.repository.config.RepositoryConfigurationDelegate {main} Finished Spring Data repository scanning in 40 ms. Found 3 JPA repository interfaces.
2025-01-27 23:23:42,267 [INFO] org.hibernate.jpa.internal.util.LogHelper {main} HHH000204: Processing PersistenceUnitInfo [name: default]
2025-01-27 23:23:42,320 [INFO] org.hibernate.Version {main} HHH000412: Hibernate ORM core version 6.6.5.Final
2025-01-27 23:23:42,355 [INFO] org.hibernate.cache.internal.RegionFactoryInitiator {main} HHH000026: Second-level cache disabled
2025-01-27 23:23:42,600 [INFO] org.springframework.orm.jpa.persistenceunit.SpringPersistenceUnitInfo {main} No LoadTimeWeaver setup: ignoring JPA class transformer
2025-01-27 23:23:42,624 [INFO] com.zaxxer.hikari.HikariDataSource {main} HikariPool-1 - Starting...
2025-01-27 23:23:42,833 [INFO] com.zaxxer.hikari.pool.HikariPool {main} HikariPool-1 - Added connection conn0: url=jdbc:h2:file:./db/blogdb user=ADMIN
2025-01-27 23:23:42,834 [INFO] com.zaxxer.hikari.HikariDataSource {main} HikariPool-1 - Start completed.
2025-01-27 23:23:42,852 [WARN] org.hibernate.orm.deprecation {main} HHH90000025: H2Dialect does not need to be specified explicitly using 'hibernate.dialect' (remove the property setting and it will be selected by default)
2025-01-27 23:23:42,871 [INFO] org.hibernate.orm.connections.pooling {main} HHH10001005: Database info:
	Database JDBC URL [Connecting through datasource 'HikariDataSource (HikariPool-1)']
	Database driver: undefined/unknown
	Database version: 2.3.232
	Autocommit mode: undefined/unknown
	Isolation level: undefined/unknown
	Minimum pool size: undefined/unknown
	Maximum pool size: undefined/unknown
2025-01-27 23:23:43,571 [INFO] org.hibernate.engine.transaction.jta.platform.internal.JtaPlatformInitiator {main} HHH000489: No JTA platform available (set 'hibernate.transaction.jta.platform' to enable JTA platform integration)
2025-01-27 23:23:43,606 [INFO] org.springframework.orm.jpa.LocalContainerEntityManagerFactoryBean {main} Initialized JPA EntityManagerFactory for persistence unit 'default'
2025-01-27 23:23:44,519 [INFO] org.springframework.security.config.annotation.authentication.configuration.InitializeUserDetailsBeanManagerConfigurer$InitializeUserDetailsManagerConfigurer {main} Global AuthenticationManager configured with UserDetailsService bean with name accountService
2025-01-27 23:23:45,110 [INFO] org.springframework.boot.actuate.endpoint.web.EndpointLinksResolver {main} Exposing 1 endpoint beneath base path '/actuator'
2025-01-27 23:23:45,804 [INFO] org.springframework.boot.autoconfigure.h2.H2ConsoleAutoConfiguration {main} H2 console available at '/h2-console'. Database available at 'jdbc:h2:file:./db/blogdb'
2025-01-27 23:23:45,887 [INFO] com.bishnah.springrestdemo.SpringRestDemoApplicationTests {main} Started SpringRestDemoApplicationTests in 5.523 seconds (process running for 6.368)
2025-01-27 23:23:46,617 [INFO] org.springframework.orm.jpa.LocalContainerEntityManagerFactoryBean {SpringApplicationShutdownHook} Closing JPA EntityManagerFactory for persistence unit 'default'
2025-01-27 23:23:46,620 [INFO] com.zaxxer.hikari.HikariDataSource {SpringApplicationShutdownHook} HikariPool-1 - Shutdown initiated...
2025-01-27 23:23:46,622 [INFO] com.zaxxer.hikari.HikariDataSource {SpringApplicationShutdownHook} HikariPool-1 - Shutdown completed.
2025-01-27 23:23:59,668 [INFO] com.bishnah.springrestdemo.SpringRestDemoApplication {main} Starting SpringRestDemoApplication using Java 23.0.2 with PID 13513 (/home/nightowl/Kachra/SpringRestDemo/target/classes started by nightowl in /home/nightowl/Kachra/SpringRestDemo)
2025-01-27 23:23:59,669 [DEBUG] com.bishnah.springrestdemo.SpringRestDemoApplication {main} Running with Spring Boot v3.4.2, Spring v6.2.2
2025-01-27 23:23:59,670 [INFO] com.bishnah.springrestdemo.SpringRestDemoApplication {main} No active profile set, falling back to 1 default profile: "default"
2025-01-27 23:24:00,459 [INFO] org.springframework.data.repository.config.RepositoryConfigurationDelegate {main} Bootstrapping Spring Data JPA repositories in DEFAULT mode.
2025-01-27 23:24:00,505 [INFO] org.springframework.data.repository.config.RepositoryConfigurationDelegate {main} Finished Spring Data repository scanning in 40 ms. Found 3 JPA repository interfaces.
2025-01-27 23:24:01,004 [INFO] org.springframework.boot.web.embedded.tomcat.TomcatWebServer {main} Tomcat initialized with port 9090 (http)
2025-01-27 23:24:01,013 [INFO] org.apache.catalina.core.StandardService {main} Starting service [Tomcat]
2025-01-27 23:24:01,014 [INFO] org.apache.catalina.core.StandardEngine {main} Starting Servlet engine: [Apache Tomcat/10.1.34]
2025-01-27 23:24:01,047 [INFO] org.apache.catalina.core.ContainerBase.[Tomcat].[localhost].[/] {main} Initializing Spring embedded WebApplicationContext
2025-01-27 23:24:01,047 [INFO] org.springframework.boot.web.servlet.context.ServletWebServerApplicationContext {main} Root WebApplicationContext: initialization completed in 1328 ms
2025-01-27 23:24:01,285 [INFO] org.hibernate.jpa.internal.util.LogHelper {main} HHH000204: Processing PersistenceUnitInfo [name: default]
2025-01-27 23:24:01,321 [INFO] org.hibernate.Version {main} HHH000412: Hibernate ORM core version 6.6.5.Final
2025-01-27 23:24:01,342 [INFO] org.hibernate.cache.internal.RegionFactoryInitiator {main} HHH000026: Second-level cache disabled
2025-01-27 23:24:01,529 [INFO] org.springframework.orm.jpa.persistenceunit.SpringPersistenceUnitInfo {main} No LoadTimeWeaver setup: ignoring JPA class transformer
2025-01-27 23:24:01,553 [INFO] com.zaxxer.hikari.HikariDataSource {main} HikariPool-1 - Starting...
2025-01-27 23:24:01,700 [INFO] com.zaxxer.hikari.pool.HikariPool {main} HikariPool-1 - Added connection conn0: url=jdbc:h2:file:./db/blogdb user=ADMIN
2025-01-27 23:24:01,701 [INFO] com.zaxxer.hikari.HikariDataSource {main} HikariPool-1 - Start completed.
2025-01-27 23:24:01,720 [WARN] org.hibernate.orm.deprecation {main} HHH90000025: H2Dialect does not need to be specified explicitly using 'hibernate.dialect' (remove the property setting and it will be selected by default)
2025-01-27 23:24:01,742 [INFO] org.hibernate.orm.connections.pooling {main} HHH10001005: Database info:
	Database JDBC URL [Connecting through datasource 'HikariDataSource (HikariPool-1)']
	Database driver: undefined/unknown
	Database version: 2.3.232
	Autocommit mode: undefined/unknown
	Isolation level: undefined/unknown
	Minimum pool size: undefined/unknown
	Maximum pool size: undefined/unknown
2025-01-27 23:24:02,428 [INFO] org.hibernate.engine.transaction.jta.platform.internal.JtaPlatformInitiator {main} HHH000489: No JTA platform available (set 'hibernate.transaction.jta.platform' to enable JTA platform integration)
2025-01-27 23:24:02,463 [INFO] org.springframework.orm.jpa.LocalContainerEntityManagerFactoryBean {main} Initialized JPA EntityManagerFactory for persistence unit 'default'
2025-01-27 23:24:03,490 [INFO] org.springframework.security.config.annotation.authentication.configuration.InitializeUserDetailsBeanManagerConfigurer$InitializeUserDetailsManagerConfigurer {main} Global AuthenticationManager configured with UserDetailsService bean with name accountService
2025-01-27 23:24:03,845 [INFO] org.springframework.boot.actuate.endpoint.web.EndpointLinksResolver {main} Exposing 1 endpoint beneath base path '/actuator'
2025-01-27 23:24:04,296 [INFO] org.springframework.boot.autoconfigure.h2.H2ConsoleAutoConfiguration {main} H2 console available at '/h2-console'. Database available at 'jdbc:h2:file:./db/blogdb'
2025-01-27 23:24:04,369 [INFO] org.springframework.boot.web.embedded.tomcat.TomcatWebServer {main} Tomcat started on port 9090 (http) with context path '/'
2025-01-27 23:24:04,380 [INFO] com.bishnah.springrestdemo.SpringRestDemoApplication {main} Started SpringRestDemoApplication in 5.046 seconds (process running for 5.478)
2025-01-27 23:24:05,185 [INFO] org.apache.catalina.core.ContainerBase.[Tomcat].[localhost].[/] {RMI TCP Connection(4)-127.0.0.1} Initializing Spring DispatcherServlet 'dispatcherServlet'
2025-01-27 23:24:05,185 [INFO] org.springframework.web.servlet.DispatcherServlet {RMI TCP Connection(4)-127.0.0.1} Initializing Servlet 'dispatcherServlet'
2025-01-27 23:24:05,187 [INFO] org.springframework.web.servlet.DispatcherServlet {RMI TCP Connection(4)-127.0.0.1} Completed initialization in 2 ms
2025-01-27 23:24:16,609 [INFO] org.springdoc.api.AbstractOpenApiResource {http-nio-9090-exec-9} Init duration for springdoc-openapi is: 254 ms
